=== RUN   TestLedger_Idempotency
    ledger_integration_test.go:43: Failed to seed test database: failed to connect to `user=app database=appdb_test`: [::1]:5432 (localhost): server error: FATAL: database "appdb_test" does not exist (SQLSTATE 3D000)
--- FAIL: TestLedger_Idempotency (0.02s)
=== RUN   TestLedger_Reversal
    ledger_integration_test.go:43: Failed to seed test database: failed to connect to `user=app database=appdb_test`: [::1]:5432 (localhost): server error: FATAL: database "appdb_test" does not exist (SQLSTATE 3D000)
--- FAIL: TestLedger_Reversal (0.01s)
=== RUN   TestLedger_CrossCompanyScoping
    ledger_integration_test.go:43: Failed to seed test database: failed to connect to `user=app database=appdb_test`: [::1]:5432 (localhost): server error: FATAL: database "appdb_test" does not exist (SQLSTATE 3D000)
--- FAIL: TestLedger_CrossCompanyScoping (0.01s)
=== RUN   TestLedger_GetBalances
    ledger_integration_test.go:43: Failed to seed test database: failed to connect to `user=app database=appdb_test`: [::1]:5432 (localhost): server error: FATAL: database "appdb_test" does not exist (SQLSTATE 3D000)
--- FAIL: TestLedger_GetBalances (0.01s)
=== RUN   TestProposal_Validate_Reproduction
--- PASS: TestProposal_Validate_Reproduction (0.00s)
=== RUN   TestProposal_NormalizationAndValidation
=== RUN   TestProposal_NormalizationAndValidation/Happy_Path_(local_currency)
=== RUN   TestProposal_NormalizationAndValidation/Happy_Path_(foreign_currency_USD)
=== RUN   TestProposal_NormalizationAndValidation/Blank_credit_amount
=== RUN   TestProposal_NormalizationAndValidation/Amount_zero
=== RUN   TestProposal_NormalizationAndValidation/Negative_amount
=== RUN   TestProposal_NormalizationAndValidation/Imbalanced_entry
=== RUN   TestProposal_NormalizationAndValidation/Missing_company_code
--- PASS: TestProposal_NormalizationAndValidation (0.00s)
    --- PASS: TestProposal_NormalizationAndValidation/Happy_Path_(local_currency) (0.00s)
    --- PASS: TestProposal_NormalizationAndValidation/Happy_Path_(foreign_currency_USD) (0.00s)
    --- PASS: TestProposal_NormalizationAndValidation/Blank_credit_amount (0.00s)
    --- PASS: TestProposal_NormalizationAndValidation/Amount_zero (0.00s)
    --- PASS: TestProposal_NormalizationAndValidation/Negative_amount (0.00s)
    --- PASS: TestProposal_NormalizationAndValidation/Imbalanced_entry (0.00s)
    --- PASS: TestProposal_NormalizationAndValidation/Missing_company_code (0.00s)
FAIL
FAIL	accounting-agent/internal/core	0.729s
FAIL
